// Jest Snapshot v1, https://goo.gl/fbAQLP

exports[`SendFailure component renders and matches snapshot 1`] = `
<div>
  <q-dialog-stub
    contentclass="dark-modal"
    maximized="true"
    persistent="true"
    position="standard"
    transitionhide="slide-down"
    transitionshow="slide-up"
  >
    <div
      class="header-section"
    >
      <div
        class="header-back-button-wrapper"
      >
        <q-btn-stub
          align="center"
          class="icon-btn back-arrow-btn"
          flat="true"
          icon="arrow_back"
          ripple="true"
          size="lg"
        />
      </div>
       
      <h1
        class="header-h1"
      >
        
        Error
      
      </h1>
    </div>
     
    <div
      class="modal-layout-wrapper center-modal-content"
    >
      <div
        class="error-content-wrapper"
      >
        <div
          class="error-icon-wrapper"
        >
          <q-icon-stub
            class="error-icon"
            name="error_outline"
          />
        </div>
         
        <div
          class="error-msg-wrapper"
        >
          <h1>
            Error
          </h1>
           
          <h3>
            Failed to broadcast the transaction
          </h3>
        </div>
         
        <div
          class="send"
        >
          <q-btn-stub
            align="center"
            color="blueish"
            label="Close"
            ripple="true"
            size="md"
          />
        </div>
      </div>
    </div>
  </q-dialog-stub>
</div>
`;
