// Jest Snapshot v1, https://goo.gl/fbAQLP

exports[`PinPad component renders and matches snapshot 1`] = `
<div>
  <keyboard-stub
    layouts="123|456|789|0"
    maxlength="0"
    value=""
  />
   
  <div
    class="dots-wrapper"
  />
   
  <div
    class="btns-wrapper"
  >
    <q-btn-stub
      align="center"
      color="secondary"
      disabled="true"
      label="Clear"
      ripple="true"
    />
     
    <q-btn-stub
      align="center"
      color="yellow"
      disabled="true"
      label="Done"
      ripple="true"
      textcolor="blueish"
    />
     
    <!---->
     
    <!---->
  </div>
</div>
`;
