// Jest Snapshot v1, https://goo.gl/fbAQLP

exports[`Header.vue renders and matches snapshot 1`] = `
<section
  class="header-section"
>
  <div
    class="header-button-wrapper"
  >
    <button
      class="q-btn inline relative-position q-btn-item non-selectable q-btn-rectangle disabled bg-secondary text-white"
      style="font-size: 10px;"
      tabindex="-1"
      type="button"
    >
      <div
        class="q-focus-helper"
      />
      <div
        class="q-btn-inner row col items-center justify-center"
      >
        <div>
          Go Back
        </div>
      </div>
    </button>
  </div>
   
  <h1
    class="header-h1"
  >
    WALLET NAME
  </h1>
</section>
`;
