// Jest Snapshot v1, https://goo.gl/fbAQLP

exports[`MainNav.vue renders and matches snapshot 1`] = `
<section
  class="main-nav"
>
  <div>
    <a
      class="main-nav-link"
      href="#/wallet/wallet"
    >
      <i
        class="svg-icon"
      >
        <img
          src="~assets/icons/Wallet.svg"
        />
      </i>
       
      <div>
        Wallet
      </div>
    </a>
  </div>
   
  <div>
    <a
      class="main-nav-link"
      href="#/wallet/analytics"
    >
      <i
        class="svg-icon"
      >
        <img
          src="~assets/icons/Analytics.svg"
        />
      </i>
       
      <div>
        Analytics
      </div>
    </a>
  </div>
   
  <div>
    <a
      class="main-nav-link"
      href="#/wallet/payments"
    >
      <i
        class="svg-icon"
      >
        <img
          src="~assets/icons/Payments.svg"
        />
      </i>
       
      <div>
        Payments
      </div>
    </a>
  </div>
   
  <div>
    <a
      class="main-nav-link"
      href="#/wallet/exchange"
    >
      <i
        class="svg-icon"
      >
        <img
          src="~assets/icons/Exchange.svg"
        />
      </i>
       
      <div>
        Exchange
      </div>
    </a>
  </div>
   
  <div>
    <a
      class="main-nav-link"
      href="#/wallet/more"
    >
      <i
        class="svg-icon"
      >
        <img
          src="~assets/icons/More.svg"
        />
      </i>
       
      <div>
        More
      </div>
    </a>
  </div>
</section>
`;
