// Jest Snapshot v1, https://goo.gl/fbAQLP

exports[`PaymentsGroupHeader.vue renders and matches snapshot 1`] = `
<div
  class="columns is-mobile payments-group-header"
>
  <div
    class="column"
  >
    
    26 November
  
  </div>
   
  <div
    class="column"
  >
    <amount-stub
      amount="-57.97"
      variant=""
    />
  </div>
</div>
`;
