// Jest Snapshot v1, https://goo.gl/fbAQLP

exports[`RecentPayments.vue renders and matches snapshot 1`] = `
<section
  class="recent-payments"
>
  <q-scroll-area
    style="width: auto; height: 60vh;"
  >
    <div
      class="scroll-content"
    >
      <paymentsgroup-stub
        group="[object Object]"
      />
      <paymentsgroup-stub
        group="[object Object]"
      />
      <paymentsgroup-stub
        group="[object Object]"
      />
    </div>
  </q-scroll-area>
</section>
`;
