// Jest Snapshot v1, https://goo.gl/fbAQLP

exports[`Node Setup renders and matches snapshot 1`] = `
<div>
  <h1
    class="setup"
  >
    
    Node Setup
  
  </h1>
   
  <p
    class="setup"
  >
    
    CryptoWallet can connect to your AC Home Hub to access the AC Network.
  
  </p>
   
  <div
    class="ip-input"
  >
    <div
      class="q-field row no-wrap items-start q-input q-field--outlined q-field--dark"
      float-label="IP Address"
    >
      <div
        class="q-field__inner relative-position col self-stretch column justify-center"
      >
        <div
          class="q-field__control relative-position row no-wrap text-primary"
          tabindex="-1"
        >
          <div
            class="q-field__control-container col relative-position row no-wrap q-anchor--skip"
          >
            <input
              class="q-field__native"
              float-label="IP Address"
              tabindex="0"
              type="text"
            />
          </div>
        </div>
      </div>
    </div>
  </div>
   
  <div
    class="btns-wrapper"
  >
    <button
      class="q-btn inline q-btn-item non-selectable q-btn--standard q-btn--rectangle bg-secondary text-white q-focusable q-hoverable"
      tabindex="0"
      type="button"
    >
      <div
        class="q-focus-helper"
        tabindex="-1"
      />
      <div
        class="q-btn__content text-center col items-center q-anchor--skip justify-center row"
      >
        <div>
          Skip
        </div>
      </div>
    </button>
     
    <button
      class="q-btn inline q-btn-item non-selectable q-btn--standard q-btn--rectangle bg-yellow text-blueish q-focusable q-hoverable"
      tabindex="0"
      type="button"
    >
      <div
        class="q-focus-helper"
        tabindex="-1"
      />
      <div
        class="q-btn__content text-center col items-center q-anchor--skip justify-center row"
      >
        <div>
          Done
        </div>
      </div>
    </button>
  </div>
</div>
`;
