// Jest Snapshot v1, https://goo.gl/fbAQLP

exports[`RecentContacts.vue renders and matches snapshot 1`] = `
<div
  class="mainContentContacts"
>
  <p
    id="Title_id"
  >
     Recent
  </p>
   
  <hr />
   
  <div
    class="container is-fluid"
  >
    <div
      id="items"
    >
       
      
      <div
        class="item"
      >
        <recentcontactbox-stub />
      </div>
       
      
      <div
        class="item"
      >
        <recentcontactbox-stub />
      </div>
       
      
      <div
        class="item"
      >
        <recentcontactbox-stub />
      </div>
       
      
      <div
        class="item"
      >
        <recentcontactbox-stub />
      </div>
       
      
      <div
        class="item"
      >
        <recentcontactbox-stub />
      </div>
       
      
      <div
        class="item"
      >
        <recentcontactbox-stub />
      </div>
       
      
      <div
        class="item"
      >
        <recentcontactbox-stub />
      </div>
       
      
      <div
        class="item"
      >
        <recentcontactbox-stub />
      </div>
       
      
      <div
        class="item"
      >
        <recentcontactbox-stub />
      </div>
        
      
      <br />
    </div>
  </div>
   
  <br />
</div>
`;
