// Jest Snapshot v1, https://goo.gl/fbAQLP

exports[`RecentPayments.vue renders and matches snapshot 1`] = `
<section
  class="recent-payments"
>
  <q-scroll-area
    style="width: 100%; height: 300px;"
  >
    <paymentsgroup-stub
      group="[object Object]"
    />
    <paymentsgroup-stub
      group="[object Object]"
    />
    <paymentsgroup-stub
      group="[object Object]"
    />
  </q-scroll-area>
</section>
`;
