// Jest Snapshot v1, https://goo.gl/fbAQLP

exports[`RecentPayments.vue renders and matches snapshot 1`] = `
<section
  class="recent-payments"
>
  <qscrollarea-stub
    class="recent-payments-scroll-area"
    contentactivestyle="[object Object]"
    contentstyle="[object Object]"
    delay="1000"
    thumbstyle="[object Object]"
  >
    <div
      class="scroll-content"
    >
      <paymentsgroup-stub
        group="[object Object]"
      />
      <paymentsgroup-stub
        group="[object Object]"
      />
      <paymentsgroup-stub
        group="[object Object]"
      />
    </div>
  </qscrollarea-stub>
</section>
`;
