// Jest Snapshot v1, https://goo.gl/fbAQLP

exports[`ProfileCard.vue renders and matches snapshot 1`] = `
<div
  class="container"
>
  <router-link-stub
    event="click"
    id="Btn_id"
    tag="button"
    to="/TxDetails"
  >
    <p
      id="transaction_id"
    >
      TX#  
    0x97f5e7e95e37ed19714a9da8f86149d3af29057...
    
    </p>
  </router-link-stub>
   
  <br />
</div>
`;

exports[`RecentTX.vue renders and matches snapshot 1`] = `
<div
  class="container"
>
  <router-link-stub
    event="click"
    id="Btn_id"
    tag="button"
    to="/TxDetails"
  >
    <p
      id="transaction_id"
    >
      TX#  
    0x97f5e7e95e37ed19714a9da8f86149d3af29057...
    
    </p>
  </router-link-stub>
   
  <br />
</div>
`;
