// Jest Snapshot v1, https://goo.gl/fbAQLP

exports[`ProfileCard.vue renders and matches snapshot 1`] = `
<div
  class="mainContentCard"
>
  <img
    id="avatar_img_id"
    src="~/assets/avatar.png"
  />
   
  <h1>
    Atlas City
  </h1>
  <br />
   
  <p
    id="profileTitle"
  >
    CEO & Founder, Example
  </p>
</div>
`;

exports[`TxDetails.vue renders and matches snapshot 1`] = `
<div
  class="container"
>
  <div
    class="table-title"
  >
    <h3>
      Transaction Information
    </h3>
  </div>
   
  <table
    class="table-fill"
  >
    <tbody
      class="table-hover"
    >
      <tr>
        <td
          class="text-left"
        >
          TxHash:
          
          <p
            id="txHash_id"
          >
            
            0x97f5e7e95e37ed19714a9da8f86149d3af2905700ff5704aaa22ba70c469945a
          </p>
        </td>
      </tr>
       
      <tr>
        <td
          class="text-left"
        >
          TxReceipt Status:
          
          <p
            id="txReceiptStatus_id"
          >
            Success 
          </p>
        </td>
      </tr>
       
      <tr>
        <td
          class="text-left"
        >
          TimeStamp:
        
          <p
            id="timeStamp_id"
          >
            45 secs ago (Oct-09-2018 10:07:15 AM +UTC) 
          </p>
        </td>
      </tr>
       
      <tr>
        <td
          class="text-left"
        >
          From:
        
          <p
            id="from_id"
          >
            0xa11b2364b3e1f7d94f51444fb560bb206af85efe 
          </p>
        </td>
      </tr>
       
      <tr>
        <td
          class="text-left"
        >
          To:
        
          <p
            id="to_id"
          >
            0xa11b2364b3e1f7d94f51444fb560bb206af85efe 
          </p>
        </td>
      </tr>
       
      <tr>
        <td
          class="text-left"
        >
          Value:
        
          <p
            id="value_id"
          >
            4.237564853702590359 Atlas ($968.45) 
          </p>
        </td>
      </tr>
       
      <tr>
        <td
          class="text-left"
          id="txCostFee_id"
        >
          Actual Tx Cost/Fee:
        
          <p>
            0.000084 Atlas ($0.02) 
          </p>
        </td>
      </tr>
    </tbody>
  </table>
</div>
`;
