// Jest Snapshot v1, https://goo.gl/fbAQLP

exports[`SingleTransaction.vue renders and matches snapshot 1`] = `
<div>
  <q-item-stub
    clickable="true"
    style="padding: 1rem;"
    tag="div"
  >
    <q-item-section-stub
      avatar="true"
      top="true"
    >
      <q-avatar-stub
        color="primary"
        icon="send"
        textcolor="white"
      />
    </q-item-section-stub>
     
    <q-item-section-stub>
      <q-item-label-stub
        lines="1"
      >
        
        Sent 4.97 
        
        <span>
          (£19,110.59)
        </span>
      </q-item-label-stub>
       
      <q-item-label-stub
        caption="true"
      >
        
        17 January 2019 17:27
      
      </q-item-label-stub>
    </q-item-section-stub>
     
    <q-item-section-stub
      side="true"
    >
      <q-icon-stub
        name="info"
      />
    </q-item-section-stub>
  </q-item-stub>
   
  <q-dialog-stub
    position="standard"
    transitionhide="scale"
    transitionshow="scale"
  >
    <q-card-stub>
      <q-card-section-stub
        class="transaction-details"
      >
        <div
          class="transaction-heading"
        >
          <div
            class="row justify-center"
          >
            <q-avatar-stub
              color="primary"
              icon="send"
              style="margin-bottom: 1rem;"
              textcolor="white"
            />
          </div>
           
          <div
            class="row justify-center"
          >
            
            - 4.97 
          
          </div>
           
          <div
            class="row justify-center"
          >
            
            - £19,110.59
          
          </div>
        </div>
         
        <div
          class="single-transaction-content"
        >
          <div
            class="row justify-between"
          >
            <div
              class="col-2"
            >
              
              To:
            
            </div>
             
            <div
              class="col-10"
            >
              <span
                class="tx-hash break"
              >
                
                1CK6KHY6MHgYvmRQ4PAafKYDrg1ejbH1cE
              
              </span>
               
              <q-btn-stub
                align="center"
                dense="true"
                flat="true"
                icon="content_copy"
                ripple="true"
                round="true"
                size="xs"
              />
            </div>
          </div>
           
          <div
            class="row justify-between"
          >
            <div
              class="col-2"
            >
              
              Hash:
            
            </div>
             
            <div
              class="col-10"
            >
              <span
                class="tx-hash break"
              >
                
                d02995c1faf572c5d9ae966915aa7958c88ed2e47f8f208b68d82d863bf61010
                
                <q-btn-stub
                  align="center"
                  dense="true"
                  flat="true"
                  icon="content_copy"
                  ripple="true"
                  round="true"
                  size="xs"
                />
              </span>
            </div>
          </div>
           
          <div
            class="row justify-between"
          >
            <div>
              
              Status:
            
            </div>
             
            <div>
              <span
                class="status confirmed-tx"
              >
                
                Confirmed
              
              </span>
            </div>
          </div>
           
          <div
            class="row justify-between"
          >
            <div>
              
              Confirmations:
            
            </div>
             
            <div>
              <span
                class="confirmations"
              >
                
                12
              
              </span>
            </div>
          </div>
           
          <div
            class="row justify-between"
          >
            <div>
              
              Fee:
            
            </div>
             
            <div>
              <span
                class="tx-fee"
              >
                
                0.1 BTC (£384.52)
              
              </span>
            </div>
          </div>
           
          <div
            class="row justify-between"
          >
            <div>
              
              Block Height:
            
            </div>
             
            <div>
              <span
                class="tx-height"
              >
                
                245
              
              </span>
            </div>
          </div>
           
          <div
            class="row justify-end"
          >
            <q-btn-stub
              align="center"
              dense="true"
              flat="true"
              label="Close"
              ripple="true"
              round="true"
            />
          </div>
        </div>
      </q-card-section-stub>
    </q-card-stub>
  </q-dialog-stub>
</div>
`;
