// Jest Snapshot v1, https://goo.gl/fbAQLP

exports[`TransactionsList.vue renders and matches snapshot 1`] = `
<section
  class="scroll-area static"
>
  <q-scroll-area-stub
    class="scroll-area static"
    contentactivestyle="[object Object]"
    contentstyle="[object Object]"
    delay="1000"
    thumbstyle="[object Object]"
  >
    <q-infinite-scroll-stub
      handler="function () { [native code] }"
      offset="50"
    >
      <q-timeline-stub
        color="blueish"
        layout="dense"
        responsive=""
        side="right"
      >
        <singletransaction-stub
          data="[object Object]"
        />
        <singletransaction-stub
          data="[object Object]"
        />
        <singletransaction-stub
          data="[object Object]"
        />
        <singletransaction-stub
          data="[object Object]"
        />
        <singletransaction-stub
          data="[object Object]"
        />
        <singletransaction-stub
          data="[object Object]"
        />
        <singletransaction-stub
          data="[object Object]"
        />
        <singletransaction-stub
          data="[object Object]"
        />
        <singletransaction-stub
          data="[object Object]"
        />
        <singletransaction-stub
          data="[object Object]"
        />
         
        <!---->
      </q-timeline-stub>
       
      <q-spinner-dots-stub
        size="40"
      />
    </q-infinite-scroll-stub>
  </q-scroll-area-stub>
</section>
`;
