// Jest Snapshot v1, https://goo.gl/fbAQLP

exports[`WalletItem.vue renders and matches snapshot 1`] = `
<div
  clickitemaction="addWallet"
>
  <div
    class="account-item"
  >
    <div
      class="q-slide-item q-item-type overflow-hidden wallet selectWallet"
    >
      <div
        class="q-slide-item__right absolute-full row no-wrap items-center justify-end bg-red"
      >
        <div>
          <i
            aria-hidden="true"
            class="material-icons q-icon delete-cancel"
          >
            close
          </i>
           
          <i
            aria-hidden="true"
            class="material-icons q-icon"
          >
            delete
          </i>
        </div>
      </div>
      <div
        class="q-slide-item__content"
      >
          
        <div
          class="q-item q-item-type row no-wrap q-item--dark"
        >
          <div
            class="q-item__section column q-item__section--avatar q-item__section--side justify-center"
          >
            <div
              class="icon"
            >
              <img
                src="./statics/cc-icons/color/generic.svg"
              />
            </div>
          </div>
           
          <div
            class="q-item__section column q-item__section--main justify-center"
          >
            
          Catalyst
        
          </div>
           
          <div
            class="q-item__section column q-item__section--side justify-center"
          >
            <div
              class="q-toggle cursor-pointer no-outline row inline no-wrap items-center"
              tabindex="0"
            >
              <div
                class="q-toggle__inner relative-position"
              >
                <input
                  class="q-toggle__native absolute q-ma-none q-pa-none invisible"
                  type="toggle"
                />
                <div
                  class="q-toggle__track"
                />
                <div
                  class="q-toggle__thumb-container absolute"
                >
                  <div
                    class="q-toggle__thumb row flex-center"
                  />
                </div>
              </div>
              <div
                class="q-toggle__label q-anchor--skip"
              />
            </div>
          </div>
        </div>
      </div>
    </div>
  </div>
   
  <!---->
</div>
`;
