// Jest Snapshot v1, https://goo.gl/fbAQLP

exports[`RecentTX.vue renders and matches snapshot 1`] = `
<div
  class="container"
>
  <router-link-stub
    event="click"
    id="Btn_id"
    tag="button"
    to="/TxDetails"
  >
    <p
      id="transaction_id"
    >
      TX# 0x97gf5e7e95e..
    
    </p>
  </router-link-stub>
   
  <br />
</div>
`;
