// Jest Snapshot v1, https://goo.gl/fbAQLP

exports[`AccountName.vue renders and matches snapshot 1`] = `
<div
  class="container"
>
  <div>
    <h1
      class="setup"
    >
      
      Set Account Name
    
    </h1>
  </div>
   
  <div
    class="account-name-input-wrapper"
  >
    <q-input-stub
      color="primary"
      dark="true"
      float-label="Account Name"
      outlined="true"
      type="text"
      value=""
    />
  </div>
   
  <div
    class="btns-wrapper"
  >
    <q-btn-stub
      align="center"
      color="yellow"
      label="Next"
      ripple="true"
      textcolor="blueish"
    />
  </div>
</div>
`;
