// Jest Snapshot v1, https://goo.gl/fbAQLP

exports[`WalletItem.vue renders and matches snapshot 1`] = `
<div
  class="wallet selectWallet"
  data="[object Object]"
>
  <div
    class="details"
  >
    <div
      class="icon"
    />
     
    <div
      class="name"
    >
      
    </div>
  </div>
   
  <div
    class="balance"
  >
    <div>
      10
    </div>
     
    <amount-stub
      amount="10"
      currency="[object Object]"
    />
  </div>
   
  <div>
    <qicon-stub
      name="chevron_right"
    />
  </div>
</div>
`;
