// Jest Snapshot v1, https://goo.gl/fbAQLP

exports[`Pin Setup renders and matches snapshot 1`] = `
<div>
  <h1
    class="setup"
  >
    
    Pin Setup
  
  </h1>
   
  <h4
    class="setup"
  >
    
    Set your pin. Minimum 6 digits.
  
  </h4>
   
  <pinpad-stub
    mode="pin-setup"
  />
</div>
`;
