// Jest Snapshot v1, https://goo.gl/fbAQLP

exports[`app.vue renders and matches snapshot 1`] = `
<div
  class="shrinked"
>
  <div
    class="app-loading background done"
  >
    <div
      class="loading-footer"
    >
      <img
        class="logo-loading"
        src="~/assets/logo-white-horizontal.png"
      />
    </div>
     
    <spinner-stub />
  </div>
   
  <div
    class=""
    id="q-app"
  >
    <div>
      <router-view-stub
        name="default"
      />
       
      <selectaccountmodal-stub />
       
      <newaccountmodal-stub />
       
      <getstartedmodal-stub />
       
      <termsmodal-stub />
       
      <div>
        <offlinenotice-stub />
         
        <walletsmodal-stub />
         
        <pricechartmodal-stub />
         
        <sendcoinmodal-stub />
         
        <receivecoinmodal-stub />
         
        <confirmsendmodal-stub />
         
        <sendsuccessmodal-stub />
         
        <sendfailuremodal-stub />
         
        <adderc20modal-stub />
      </div>
    </div>
  </div>
   
  <!---->
</div>
`;
