// Jest Snapshot v1, https://goo.gl/fbAQLP

exports[`TransactionsList.vue renders and matches snapshot 1`] = `
<section
  class="scroll-area"
>
  <qscrollarea-stub
    class="scroll-area"
    contentactivestyle="[object Object]"
    contentstyle="[object Object]"
    delay="1000"
    thumbstyle="[object Object]"
  >
    <qinfinitescroll-stub
      handler="function () { [native code] }"
      offset="50"
    >
      <qtimeline-stub
        color="secondary"
        responsive="true"
      >
        <singletransaction-stub
          currency=""
          data="[object Object]"
        />
        <singletransaction-stub
          currency=""
          data="[object Object]"
        />
        <singletransaction-stub
          currency=""
          data="[object Object]"
        />
        <singletransaction-stub
          currency=""
          data="[object Object]"
        />
        <singletransaction-stub
          currency=""
          data="[object Object]"
        />
        <singletransaction-stub
          currency=""
          data="[object Object]"
        />
        <singletransaction-stub
          currency=""
          data="[object Object]"
        />
        <singletransaction-stub
          currency=""
          data="[object Object]"
        />
        <singletransaction-stub
          currency=""
          data="[object Object]"
        />
        <singletransaction-stub
          currency=""
          data="[object Object]"
        />
      </qtimeline-stub>
       
      <qspinnerdots-stub
        size="40"
      />
    </qinfinitescroll-stub>
  </qscrollarea-stub>
</section>
`;
