// Jest Snapshot v1, https://goo.gl/fbAQLP

exports[`Payment.vue renders and matches snapshot 1`] = `
<div
  class="columns is-mobile no-margin-bottom"
>
  <div
    class="column is-2"
  >
    <div
      class="circle"
    />
  </div>
   
  <div
    class="column"
  >
    <div
      class="columns is-mobile no-margin-bottom"
    >
      <div
        class="column is-7 no-padding-bottom"
      >
        From Tom Jones
      </div>
       
      <div
        class="column no-padding-bottom"
      >
        <amount-stub
          amount="8.1"
          variant="['grey']"
        />
      </div>
    </div>
     
    <div
      class="grey-text"
    >
      
      13:46
    
    </div>
  </div>
</div>
`;
