// Jest Snapshot v1, https://goo.gl/fbAQLP

exports[` Seed.vue renders and matches snapshot 1`] = `
<div>
  <h1
    class="setup"
  >
    
    Seed Phrase
  
  </h1>
   
  <p
    class="setup"
  >
    
    Please write down or memorize this sequence of words. If you lose your wallet, it can be used to recover your funds.
  
  </p>
   
  <h4
    class="setup seed-box"
  />
   
  <div
    class="btns-wrapper"
  >
    <button
      class="q-btn inline q-btn-item non-selectable q-btn--standard q-btn--rectangle bg-secondary text-white q-focusable q-hoverable"
      tabindex="0"
      type="button"
    >
      <div
        class="q-focus-helper"
        tabindex="-1"
      />
      <div
        class="q-btn__content text-center col items-center q-anchor--skip justify-center row"
      >
        <div>
          Try Different Seed
        </div>
      </div>
    </button>
     
    <button
      class="q-btn inline q-btn-item non-selectable q-btn--standard q-btn--rectangle bg-yellow text-blueish q-focusable q-hoverable"
      tabindex="0"
      type="button"
    >
      <div
        class="q-focus-helper"
        tabindex="-1"
      />
      <div
        class="q-btn__content text-center col items-center q-anchor--skip justify-center row"
      >
        <div>
          Done
        </div>
      </div>
    </button>
  </div>
   
  <!---->
</div>
`;
