// Jest Snapshot v1, https://goo.gl/fbAQLP

exports[`WalletsList.vue renders and matches snapshot 1`] = `
<section
  class="scroll-area"
>
  <qscrollarea-stub
    class="scroll-area"
    contentactivestyle="[object Object]"
    contentstyle="[object Object]"
    delay="1000"
    thumbstyle="[object Object]"
  />
</section>
`;
